File: dateUtils.test.js
Test: dateUtils getDaysInMonth should return correct number of days in month
Error: Error: [2mexpect([22m[31mreceived[39m[2m).[22mtoBe[2m([22m[32mexpected[39m[2m) // Object.is equality[22m

File: dateUtils.test.js
Test: dateUtils getDaysInMonth should return correct number of days in month for leap year
Error: Error: [2mexpect([22m[31mreceived[39m[2m).[22mtoBe[2m([22m[32mexpected[39m[2m) // Object.is equality[22m

File: dateUtils.test.js
Test: dateUtils formatRelativeTime should format relative time correctly
Error: Error: [2mexpect([22m[31mreceived[39m[2m).[22mtoBe[2m([22m[32mexpected[39m[2m) // Object.is equality[22m

File: dateUtils.test.js
Test: dateUtils formatRelativeTime should format relative time correctly for seconds
Error: Error: [2mexpect([22m[31mreceived[39m[2m).[22mtoBe[2m([22m[32mexpected[39m[2m) // Object.is equality[22m

File: dateUtils.test.js
Test: dateUtils formatRelativeTime should format relative time correctly for minutes
Error: Error: [2mexpect([22m[31mreceived[39m[2m).[22mtoBe[2m([22m[32mexpected[39m[2m) // Object.is equality[22m

File: dateUtils.test.js
Test: dateUtils formatRelativeTime should format relative time correctly for hours
Error: Error: [2mexpect([22m[31mreceived[39m[2m).[22mtoBe[2m([22m[32mexpected[39m[2m) // Object.is equality[22m

File: dateUtils.test.js
Test: dateUtils formatRelativeTime should format relative time correctly for days
Error: Error: [2mexpect([22m[31mreceived[39m[2m).[22mtoBe[2m([22m[32mexpected[39m[2m) // Object.is equality[22m

File: Calculator.test.ts
Test: Calculator Trigonometric Functions should calculate the tangent of an angle
Error: Error: [2mexpect([22m[31mreceived[39m[2m).[22mtoBe[2m([22m[32mexpected[39m[2m) // Object.is equality[22m

